neeraja@LAPTOP-29C4K787 MINGW64 ~/Dev30 (devops30)
$ git add .
warning: adding embedded git repository: Dev30
hint: You've added another git repository inside your current repository.
hint: Clones of the outer repository will not contain the contents of
hint: the embedded repository and will not know how to obtain it.
hint: If you meant to add a submodule, use:
hint:
hint:   git submodule add <url> Dev30
hint:
hint: If you added this path by mistake, you can remove it from the
hint: index with:
hint:
hint:   git rm --cached Dev30
hint:
hint: See "git help submodule" for more information.

neeraja@LAPTOP-29C4K787 MINGW64 ~/Dev30 (devops30)
$ git status
On branch devops30
Your branch is up to date with 'origin/devops30'.

Changes to be committed:
  (use "git restore --staged <file>..." to unstage)
        new file:   Dev30
        new file:   devsample


neeraja@LAPTOP-29C4K787 MINGW64 ~/Dev30 (devops30)
$ git commit -m "devsample"
[devops30 3474e5a] devsample
 2 files changed, 1 insertion(+)
 create mode 160000 Dev30
 create mode 100644 devsample

